Inizio scansione atomica della libreria RoonBuddy con Wikidata API...
[1/278] Controllo API Wikidata: A Girl Called Eddy
[2/278] Controllo API Wikidata: ABC
[3/278] Controllo API Wikidata: Al Di Meola
[4/278] Controllo API Wikidata: Al Jarreau
[5/278] Controllo API Wikidata: Alice
[6/278] Controllo API Wikidata: Amy Winehouse
[7/278] Controllo API Wikidata: Andy Partridge
[8/278] Controllo API Wikidata: Andy Summers
[9/278] Controllo API Wikidata: Animal Nightlife
[10/278] Controllo API Wikidata: Anita Baker
[11/278] Controllo API Wikidata: Annie
[12/278] Controllo API Wikidata: Arturo Benedetti Michelangeli
[13/278] Controllo API Wikidata: Ashford
[14/278] Controllo API Wikidata: Avion Travel
[15/278] Controllo API Wikidata: Aztec Camera
[16/278] Controllo API Wikidata: Beatie Wolfe
[17/278] Controllo API Wikidata: Ben Folds
[18/278] Controllo API Wikidata: Ben Folds Five
[19/278] Controllo API Wikidata: Ben Watt
[20/278] Controllo API Wikidata: Berliner Philharmoniker, Claudio Abbado
[21/278] Controllo API Wikidata: Bernard Butler
[22/278] Controllo API Wikidata: Beth Gibbons
[23/278] Controllo API Wikidata: Big Blue Ball
[24/278] Controllo API Wikidata: Bill Withers
[25/278] Controllo API Wikidata: Billy Joel
[26/278] Controllo API Wikidata: Björk
[27/278] Controllo API Wikidata: Bob Dylan
[28/278] Controllo API Wikidata: Bob Neuwirth
[29/278] Controllo API Wikidata: Boz Scaggs
[30/278] Controllo API Wikidata: Brian Eno
[31/278] Controllo API Wikidata: Bronski Beat
[32/278] Controllo API Wikidata: Brooke Combe
[33/278] Controllo API Wikidata: Bruce Springsteen
[34/278] Controllo API Wikidata: Bryan Ferry
[35/278] Controllo API Wikidata: Burt Bacharach
[36/278] Controllo API Wikidata: Caetano Veloso
[37/278] Controllo API Wikidata: Cale
[38/278] Controllo API Wikidata: Carole King
[39/278] Controllo API Wikidata: Cat Stevens
[40/278] Controllo API Wikidata: Charles Mingus
[41/278] Controllo API Wikidata: China Crisis
[42/278] Controllo API Wikidata: Chris Rea
[43/278] Controllo API Wikidata: Claire Martin
[44/278] Controllo API Wikidata: Colin Steele Quartet
[45/278] Controllo API Wikidata: Cry
[46/278] Controllo API Wikidata: Curt Smith
[47/278] Controllo API Wikidata: Dalla
[48/278] Controllo API Wikidata: Daniel Lanois
[49/278] Controllo API Wikidata: Danny Wilson
[50/278] Controllo API Wikidata: Daryl Hall
[51/278] Controllo API Wikidata: Daryll Hall
[52/278] Controllo API Wikidata: Dave Grusin
[53/278] Controllo API Wikidata: Dave Holland
[54/278] Controllo API Wikidata: David Bowie
[55/278] Controllo API Wikidata: David Byrne
[56/278] Controllo API Wikidata: David Crosby
[57/278] Controllo API Wikidata: David Gilmour
[58/278] Controllo API Wikidata: David Sylvian
[59/278] Controllo API Wikidata: Deacon Blue
[60/278] Controllo API Wikidata: Dead Can Dance
[61/278] Controllo API Wikidata: Dee C Lee
[62/278] Controllo API Wikidata: Dee C. Lee
[63/278] Controllo API Wikidata: Dexter Gordon
[64/278] Controllo API Wikidata: Dire Straits
[65/278] Controllo API Wikidata: Djavan
[66/278] Controllo API Wikidata: Donald Fagen
[67/278] Controllo API Wikidata: EG
[68/278] Controllo API Wikidata: Earth, Wind
[69/278] Controllo API Wikidata: Eg
[70/278] Controllo API Wikidata: Elvis Costello
[71/278] Controllo API Wikidata: Emma-Jean Thackray
[72/278] Controllo API Wikidata: Eno
[73/278] Controllo API Wikidata: Erykah Badu
[74/278] Controllo API Wikidata: Esperanza Spalding
[75/278] Controllo API Wikidata: Ethel
[76/278] Controllo API Wikidata: Everything But the Girl
[77/278] Controllo API Wikidata: Fabrizio De André
[78/278] Controllo API Wikidata: Fabrizio de André
[79/278] Controllo API Wikidata: Fire
[80/278] Controllo API Wikidata: Flavio Giurato
[81/278] Controllo API Wikidata: Fra Lippo Lippi
[82/278] Controllo API Wikidata: Francesco De Gregori
[83/278] Controllo API Wikidata: Francesco DeGregori
[84/278] Controllo API Wikidata: Franco Battiato
[85/278] Controllo API Wikidata: Frankie Goes to Hollywood
[86/278] Controllo API Wikidata: Friends Again
[87/278] Controllo API Wikidata: Fripp
[88/278] Controllo API Wikidata: Garbo
[89/278] Controllo API Wikidata: Garland Jeffreys
[90/278] Controllo API Wikidata: Gary Clark
[91/278] Controllo API Wikidata: Gary Daly
[92/278] Controllo API Wikidata: Genesis
[93/278] Controllo API Wikidata: George Duke
[94/278] Controllo API Wikidata: George Harrison
[95/278] Controllo API Wikidata: Gerry Rafferty
[96/278] Controllo API Wikidata: Gil Evans Orchestra
[97/278] Controllo API Wikidata: Hall
[98/278] Controllo API Wikidata: Harold Budd
[99/278] Controllo API Wikidata: Hector Zazou
[100/278] Controllo API Wikidata: Holger Czukay
[101/278] Controllo API Wikidata: Hue
[102/278] Controllo API Wikidata: It's Immaterial
[103/278] Controllo API Wikidata: It’s Immaterial
[104/278] Controllo API Wikidata: Ivan Lins
[105/278] Controllo API Wikidata: Ivano Fossati
[106/278] Controllo API Wikidata: James Grant
[107/278] Controllo API Wikidata: Japan
[108/278] Controllo API Wikidata: Jason Miles
[109/278] Controllo API Wikidata: Joe Jackson
[110/278] Controllo API Wikidata: Joe Jackson Band
[111/278] Controllo API Wikidata: Joe Jackson, Todd Rundgren
[112/278] Controllo API Wikidata: Joe Sample
[113/278] Controllo API Wikidata: John Beasley
[114/278] Controllo API Wikidata: John Cale
[115/278] Controllo API Wikidata: John Coltrane
[116/278] Controllo API Wikidata: John Lennon
[117/278] Controllo API Wikidata: John Martyn
[118/278] Controllo API Wikidata: John McLaughlin
[119/278] Controllo API Wikidata: John Oates
[120/278] Controllo API Wikidata: John Surman
[121/278] Controllo API Wikidata: Joni Mitchell
[122/278] Controllo API Wikidata: Josee Koning
[123/278] Controllo API Wikidata: Kate Bush
[124/278] Controllo API Wikidata: King Crimson
[125/278] Controllo API Wikidata: Laurie Anderson
[126/278] Controllo API Wikidata: Lee Ritenour
[127/278] Controllo API Wikidata: Linda Hoover
[128/278] Controllo API Wikidata: Little Acres
[129/278] Controllo API Wikidata: Lou Reed
[130/278] Controllo API Wikidata: Love
[131/278] Controllo API Wikidata: Lucio Battisti
[132/278] Controllo API Wikidata: Lucio Corsi
[133/278] Controllo API Wikidata: Lucio Dalla
[134/278] Controllo API Wikidata: Lyle Mays
[135/278] Controllo API Wikidata: M. Nascimento
[136/278] Controllo API Wikidata: Maria Bethânia e Caetano Veloso
[137/278] Controllo API Wikidata: Marian McPartland
[138/278] Controllo API Wikidata: Martin Newell
[139/278] Controllo API Wikidata: Marvin Gaye
[140/278] Controllo API Wikidata: Massive Attack
[141/278] Controllo API Wikidata: Mavis Staples
[142/278] Controllo API Wikidata: Mercy Mwenje
[143/278] Controllo API Wikidata: Michael Franks
[144/278] Controllo API Wikidata: Michael Jackson
[145/278] Controllo API Wikidata: Mick Karn
[146/278] Controllo API Wikidata: Miles Davis
[147/278] Controllo API Wikidata: Milton Nascimento
[148/278] Controllo API Wikidata: Mina
[149/278] Controllo API Wikidata: Money
[150/278] Controllo API Wikidata: Morandi
[151/278] Controllo API Wikidata: Morrissey
[152/278] Controllo API Wikidata: NDR Bigband
[153/278] Controllo API Wikidata: Napoli Centrale
[154/278] Controllo API Wikidata: Neil Young
[155/278] Controllo API Wikidata: Niccolò Fabi
[156/278] Controllo API Wikidata: Nick Cave
[157/278] Controllo API Wikidata: Nick Mason
[158/278] Controllo API Wikidata: Nicola Alesini
[159/278] Controllo API Wikidata: Nine Horses
[160/278] Controllo API Wikidata: Norman Blake
[161/278] Controllo API Wikidata: Oates
[162/278] Controllo API Wikidata: OndaRock
[163/278] Controllo API Wikidata: Oscar Prudente
[164/278] Controllo API Wikidata: Paco de Lucia
[165/278] Controllo API Wikidata: Paddy McAloon
[166/278] Controllo API Wikidata: Paolo Conte
[167/278] Controllo API Wikidata: Pat Metheny
[168/278] Controllo API Wikidata: Pat Metheny Group
[169/278] Controllo API Wikidata: Patti Smith
[170/278] Controllo API Wikidata: Paul Buchanan
[171/278] Controllo API Wikidata: Paul McCartney
[172/278] Controllo API Wikidata: Paul Simon
[173/278] Controllo API Wikidata: Paul Weller
[174/278] Controllo API Wikidata: Pearl Jam
[175/278] Controllo API Wikidata: Penguin Cafe
[176/278] Controllo API Wikidata: Penguin Cafe Orchestra
[177/278] Controllo API Wikidata: Penguin Café
[178/278] Controllo API Wikidata: Pete Christlieb
[179/278] Controllo API Wikidata: Peter Gabriel
[180/278] Controllo API Wikidata: Peter Hammill
[181/278] Controllo API Wikidata: Phil Collins
[182/278] Controllo API Wikidata: Pier Luigi Andreoni
[183/278] Controllo API Wikidata: Pink Floyd
[184/278] Controllo API Wikidata: Pino Daniele
[185/278] Controllo API Wikidata: Pino Daniele Project
[186/278] Controllo API Wikidata: Plastic Ono Band
[187/278] Controllo API Wikidata: Pockets
[188/278] Controllo API Wikidata: Prefab Sprout
[189/278] Controllo API Wikidata: Prince
[190/278] Controllo API Wikidata: Pulp
[191/278] Controllo API Wikidata: Quincy Jones
[192/278] Controllo API Wikidata: R.E.M.
[193/278] Controllo API Wikidata: Rain Tree Crow
[194/278] Controllo API Wikidata: Rickie Lee Jones
[195/278] Controllo API Wikidata: Ricky Ross
[196/278] Controllo API Wikidata: Rob Wasserman
[197/278] Controllo API Wikidata: Robbie Robertson
[198/278] Controllo API Wikidata: Robert Fripp
[199/278] Controllo API Wikidata: Robert Wyatt
[200/278] Controllo API Wikidata: Roddy Frame
[201/278] Controllo API Wikidata: Rosie Vela
[202/278] Controllo API Wikidata: Roxy Music
[203/278] Controllo API Wikidata: Roy Haynes
[204/278] Controllo API Wikidata: Ryuichi Sakamoto
[205/278] Controllo API Wikidata: Sade
[206/278] Controllo API Wikidata: Samuele Bersani
[207/278] Controllo API Wikidata: Santana
[208/278] Controllo API Wikidata: Sarah Vaughan
[209/278] Controllo API Wikidata: Scritti Politti
[210/278] Controllo API Wikidata: Simple Minds
[211/278] Controllo API Wikidata: Simply Red
[212/278] Controllo API Wikidata: Simpson
[213/278] Controllo API Wikidata: Soul Revue
[214/278] Controllo API Wikidata: Sounds of Blackness
[215/278] Controllo API Wikidata: Sproutless
[216/278] Controllo API Wikidata: Steely Dan
[217/278] Controllo API Wikidata: Stephan Mathieu
[218/278] Controllo API Wikidata: Steve Conte
[219/278] Controllo API Wikidata: Steve Miller
[220/278] Controllo API Wikidata: Stevie Wonder
[221/278] Controllo API Wikidata: Sting
[222/278] Controllo API Wikidata: Suzanne Vega
[223/278] Controllo API Wikidata: Sylvian
[224/278] Controllo API Wikidata: TR-i
[225/278] Controllo API Wikidata: Talking Heads
[226/278] Controllo API Wikidata: Tears for Fears
[227/278] Controllo API Wikidata: The Beach Boys
[228/278] Controllo API Wikidata: The Beatles
[229/278] Controllo API Wikidata: The Blue Nile
[230/278] Controllo API Wikidata: The Brodsky Quartet
[231/278] Controllo API Wikidata: The Caldwells
[232/278] Controllo API Wikidata: The Clash
[233/278] Controllo API Wikidata: The Cowboy Mouth
[234/278] Controllo API Wikidata: The Divine Comedy
[235/278] Controllo API Wikidata: The Dolphin Brothers
[236/278] Controllo API Wikidata: The Doobie Brothers
[237/278] Controllo API Wikidata: The Dream Academy
[238/278] Controllo API Wikidata: The Dukes of Stratosphear
[239/278] Controllo API Wikidata: The Manhattan Transfer
[240/278] Controllo API Wikidata: The New York Rock
[241/278] Controllo API Wikidata: The Penguin Cafe Orchestra
[242/278] Controllo API Wikidata: The Police
[243/278] Controllo API Wikidata: The Robert Fripp String Quintet
[244/278] Controllo API Wikidata: The Rolling Stones
[245/278] Controllo API Wikidata: The Smiths
[246/278] Controllo API Wikidata: The Style Council
[247/278] Controllo API Wikidata: The The
[248/278] Controllo API Wikidata: The Velvet Underground
[249/278] Controllo API Wikidata: The Waterboys
[250/278] Controllo API Wikidata: Todd Rundgren
[251/278] Controllo API Wikidata: Tom Waits
[252/278] Controllo API Wikidata: Toots Thielemans
[253/278] Controllo API Wikidata: Toto
[254/278] Controllo API Wikidata: Tracey Thorn
[255/278] Controllo API Wikidata: U2
[256/278] Controllo API Wikidata: Utopia
[257/278] Controllo API Wikidata: Van Morrison
[258/278] Controllo API Wikidata: Various Artists
[259/278] Controllo API Wikidata: Walter Becker
[260/278] Controllo API Wikidata: Warne Marsh
[261/278] Controllo API Wikidata: Wayne Krantz
[262/278] Controllo API Wikidata: Womack
[263/278] Controllo API Wikidata: Working Week
[264/278] Controllo API Wikidata: Wynton Marsalis
[265/278] Controllo API Wikidata: XTC
[266/278] Controllo API Wikidata: Yoko Ono
[267/278] Controllo API Wikidata: Yusuf
[268/278] Controllo API Wikidata: kitti
[269/278] Controllo API Wikidata: the Attractions
[270/278] Controllo API Wikidata: the Bad Seeds
[271/278] Controllo API Wikidata: the E Street Band
[272/278] Controllo API Wikidata: the Imposters
[273/278] Controllo API Wikidata: the L.A. Express
[274/278] Controllo API Wikidata: the New Power Generation
[275/278] Controllo API Wikidata: the Red Road Ensemble
[276/278] Controllo API Wikidata: the Revolution
[277/278] Controllo API Wikidata: the Sessions Band
[278/278] Controllo API Wikidata: the WDR Funkhausorchester

Cache rigenerata via Wikidata API (186 eventi salvati).
