[main ea301e0] Scrematura Wiki 2026-03-14
 1 file changed, 2 insertions(+), 2 deletions(-)
 rewrite music_history.xml (88%)
To github.com:Burroughs7005/music-almanac.git
   fd4c1f3..ea301e0  main -> main
[2026-03-14 08:00:03.452204] Scrematura album del 14 March...
Aggiornato con 40 album selezionati.
[main 4ac5b90] Roon Update 2026-03-15
 1 file changed, 1 insertion(+), 1 deletion(-)
To github.com:Burroughs7005/music-almanac.git
   7fa0f0c..4ac5b90  main -> main
Caricati 243 artisti.
[2026-03-15 06:00:03.639666] Scouting Roon Library per il 15 March...
  🎵 MATCH: Too Busy Thinking About My Baby - Marvin Gaye (1969)

Completato: 1 match.
[main 24ef21a] Roon Update 2026-03-16
 1 file changed, 1 insertion(+), 1 deletion(-)
To github.com:Burroughs7005/music-almanac.git
   4ac5b90..24ef21a  main -> main
Caricati 243 artisti.
[2026-03-16 06:00:03.463724] Scouting Roon Library per il 16 March...
  🎵 MATCH: Black Water - The Doobie Brothers (1975)
  🎵 MATCH: Got To Give It Up (Part 1) - Marvin Gaye (1977)

Completato: 2 match.
[main 8ec9170] Roon Update 2026-03-17
 1 file changed, 2 insertions(+), 2 deletions(-)
 rewrite music_history.xml (68%)
To github.com:Burroughs7005/music-almanac.git
   24ef21a..8ec9170  main -> main
Caricati 243 artisti.
[2026-03-17 06:00:03.274980] Scouting Roon Library per il 17 March...
  🎵 MATCH: The Dark Side of the Moon - Pink Floyd (1973)
  🎵 MATCH: Black Water - The Doobie Brothers (1975)
  🎵 MATCH: Sir Duke - Stevie Wonder (1977)

Completato: 3 match.
[main 62abb14] Roon Update 2026-03-18 (Anti-Dupe)
 1 file changed, 1 insertion(+), 1 deletion(-)
To github.com:Burroughs7005/music-almanac.git
   444136b..62abb14  main -> main
Caricati 243 artisti.
[2026-03-18 06:00:03.632735] Scouting Roon Library per il 18 March...
  🎵 MATCH: Too Busy Thinking About My Baby - Marvin Gaye (1969)
  ⏭️  SALTATO (GIA' INVIATO): Black Water
  ⏭️  SALTATO (GIA' INVIATO): Sir Duke
  🎵 MATCH: Got To Give It Up (Part 1) - Marvin Gaye (1977)

Operazione completata con successo.
[main 035b21f] Deep Scan 2026-03-19
 2 files changed, 2 insertions(+), 1 deletion(-)
To github.com:Burroughs7005/music-almanac.git
   b8ad131..035b21f  main -> main
Caricati 243 artisti. Avvio deep scan...
  🎵 MATCH: Black Water (1975)
[main 777b7a9] Deep Scan 2026-03-20
 2 files changed, 7 insertions(+), 1 deletion(-)
To github.com:Burroughs7005/music-almanac.git
   035b21f..777b7a9  main -> main
Caricati 243 artisti. Avvio deep scan...
[main 4ce94d1] Deep Scan 2026-03-21
 2 files changed, 6 insertions(+), 1 deletion(-)
To github.com:Burroughs7005/music-almanac.git
   777b7a9..4ce94d1  main -> main
Caricati 243 artisti. Avvio deep scan...
[main 4833da5] Deep Scan 2026-03-22
 2 files changed, 6 insertions(+), 1 deletion(-)
To github.com:Burroughs7005/music-almanac.git
   4ce94d1..4833da5  main -> main
Caricati 243 artisti. Avvio deep scan...
[main 0aaf98c] Deep Scan 2026-03-23
 2 files changed, 6 insertions(+), 1 deletion(-)
To github.com:Burroughs7005/music-almanac.git
   4833da5..0aaf98c  main -> main
Caricati 243 artisti. Avvio deep scan...
[main fd9ab0f] Deep Scan 2026-03-24
 2 files changed, 6 insertions(+), 1 deletion(-)
To github.com:Burroughs7005/music-almanac.git
   0aaf98c..fd9ab0f  main -> main
Caricati 243 artisti. Avvio deep scan...
[main 5e8ce8e] Deep Scan 2026-03-25
 3 files changed, 7 insertions(+), 1 deletion(-)
To github.com:Burroughs7005/music-almanac.git
   fd9ab0f..5e8ce8e  main -> main
Caricati 243 artisti. Avvio deep scan...
  🎵 MATCH: Got To Give It Up (Part 1) (1977)
[main b1fbbfb] Roon Almanac Update 2026-03-26
 2 files changed, 2 insertions(+), 48 deletions(-)
 rewrite music_history.xml (81%)
 delete mode 100755 test_springsteen.py
To github.com:Burroughs7005/music-almanac.git
   187d85e..b1fbbfb  main -> main
[2026-03-26 05:00:02.603705] Scansione RoonBuddy per il 26/03...
[main 6b58ca9] Roon Almanac Update 2026-03-27
 3 files changed, 9 insertions(+), 1 deletion(-)
To github.com:Burroughs7005/music-almanac.git
   b1fbbfb..6b58ca9  main -> main
[2026-03-27 05:00:02.627438] Scansione RoonBuddy per il 27/03...
  🎵 MATCH TROVATO: Live in New York City - Bruce Springsteen (2001)
[main 0637b9c] Roon Almanac Update 2026-03-28
 3 files changed, 11 insertions(+), 1 deletion(-)
To github.com:Burroughs7005/music-almanac.git
   6b58ca9..0637b9c  main -> main
[2026-03-28 05:00:02.388380] Scansione RoonBuddy per il 28/03...
  🎵 MATCH TROVATO: Butler, Blake & Grant - Bernard Butler/Norman Blake/James Grant (2025)
  🎵 MATCH TROVATO: Loose Talk - Bryan Ferry (2025)
  🎵 MATCH TROVATO: The Dude - Quincy Jones (1981)
  🎵 MATCH TROVATO: Faultlines - The Cowboy Mouth (2025)
