2026-03-18|Got To Give It Up (Part 1)
2026-03-19|Black Water
2026-03-25|Got To Give It Up (Part 1)
2026-03-25|Não é Azul Mas é Mar
2026-03-25|Open Our Eyes
2026-03-25|La pianta del tè
2026-03-25|Don Giovanni
2026-03-25|The Hurting
2026-03-27|Live in New York City
2026-03-28|Butler, Blake & Grant
2026-03-28|Loose Talk
2026-03-28|The Dude
2026-03-28|Faultlines
2026-03-30|Live in Dublin
2026-03-30|Dead Bees on a Cake
2026-03-30|New Amerykah, Pt. 2: Return of the Ankh
2026-03-30|The Division Bell
2026-03-30|This Is Hardcore
2026-03-30|The Junction
2026-03-30|Nonsuch
2026-03-31|Human Touch
2026-03-31|Lucky Town
2026-03-31|Live at the Glasgow Barrowlands
2026-03-31|Electric Jam
2026-03-31|Sign 'O' the Times
